// Jest Snapshot v1, https://goo.gl/fbAQLP

exports[`Login Page should render default 1`] = `
<div>
  <main
    class="login"
  >
    <div
      class="flex justifyCenter alignCenter directionColumn gap12 nowrap fullHeight"
    >
      <div
        class="flex justifyCenter alignCenter directionColumn gap40 nowrap"
      >
        <p
          class="text title normal center xxl"
        >
          Galaxy 
 Conquerors
        </p>
        <section
          class="formCard"
        >
          <p
            class="text text normal left m"
          >
            Authorization
          </p>
          <div
            class="content"
          >
            <form>
              <div
                class="flex inputWrapper justifyCenter alignStart directionColumn nowrap"
              >
                <label
                  class="label"
                  for="login"
                >
                  login
                </label>
                <input
                  class="input"
                  data-testid="login_input_first-name"
                  name="login"
                  style="height: 0px;"
                  type="text"
                  value=""
                />
              </div>
              <div
                class="flex inputWrapper justifyCenter alignStart directionColumn nowrap"
              >
                <label
                  class="label"
                  for="password"
                >
                  password
                </label>
                <input
                  class="input"
                  data-testid="login_input_password"
                  name="password"
                  style="height: 0px;"
                  type="password"
                  value=""
                />
              </div>
            </form>
          </div>
          <div
            class="flex justifyCenter alignCenter directionRow nowrap"
          >
            <div
              class="flex justifyCenter alignCenter directionColumn gap20 nowrap"
            >
              <button
                class="button default"
                type="submit"
              >
                <span
                  class="selectIcon"
                />
                Sign In
              </button>
            </div>
          </div>
        </section>
      </div>
      <a
        class="link"
        href="/registration"
      >
        <div
          class="flex justifyCenter alignCenter directionColumn gap12 nowrap"
        >
          <p
            class="text normal center s"
          >
            x
          </p>
          <p
            class="text signUpText normal left s"
          >
            Don not have an account yet?
          </p>
        </div>
      </a>
    </div>
  </main>
</div>
`;
